#-----------------------------------------------------------
# Vivado v2024.1 (64-bit)
# SW Build 5076996 on Wed May 22 18:37:14 MDT 2024
# IP Build 5075265 on Wed May 22 21:45:21 MDT 2024
# SharedData Build 5076995 on Wed May 22 18:29:18 MDT 2024
# Start of session at: Thu Jan 23 13:17:29 2025
# Process ID: 6896
# Current directory: C:/Users/ECE230_45/week_2_first_verilog/week_2_first_verilog.runs/impl_1
# Command line: vivado.exe -log top.vdi -applog -product Vivado -messageDb vivado.pb -mode batch -source top.tcl -notrace
# Log file: C:/Users/ECE230_45/week_2_first_verilog/week_2_first_verilog.runs/impl_1/top.vdi
# Journal file: C:/Users/ECE230_45/week_2_first_verilog/week_2_first_verilog.runs/impl_1\vivado.jou
# Running On        :ENG401876
# Platform          :Windows Server 2016 or Windows 10
# Operating System  :19044
# Processor Detail  :Intel(R) Core(TM) i5-7500 CPU @ 3.40GHz
# CPU Frequency     :3408 MHz
# CPU Physical cores:4
# CPU Logical cores :4
# Host memory       :17066 MB
# Swap memory       :2550 MB
# Total Virtual     :19616 MB
# Available Virtual :14070 MB
#-----------------------------------------------------------
source top.tcl -notrace
